
> a360-app@0.1.0 dist
> electron-builder

  ΓÇó electron-builder  version=26.8.1 os=10.0.26200
  ΓÇó loaded configuration  file=package.json ("build" field)
  ΓÇó description is missed in the package.json  appPackageFile=D:\A360_App\package.json
  ΓÇó author is missed in the package.json  appPackageFile=D:\A360_App\package.json
  ΓÇó executing @electron/rebuild  electronVersion=40.2.1 arch=x64 buildFromSource=false workspaceRoot=D:\A360_App projectDir=./ appDir=./
  ΓÇó installing native dependencies  arch=x64
  ΓÇó completed installing native dependencies
  ΓÇó packaging       platform=win32 arch=x64 electron=40.2.1 appOutDir=dist\win-unpacked
  ΓÇó searching for node modules  pm=npm searchDir=D:\A360_App
node.exe : (node:6164) [DEP0190] 
DeprecationWarning: Passing args to a child 
process with shell option true can lead to 
security vulnerabilities, as the arguments are 
not escaped, only concatenated.
At line:1 char:1
+ & "C:\Program Files\nodejs/node.exe" 
"C:\Program Files\nodejs/node_mo ...
+ ~~~~~~~~~~~~~~~~~~~~~~~~~~~~~~~~~~~~~~~~~~~~~
~~~~~~~~~~~~~~~~~~~~~~~~
    + CategoryInfo          : NotSpecified: (( 
   node:6164) [DE...y concatenated.:String) [  
  ], RemoteException
    + FullyQualifiedErrorId : NativeCommandErr 
   or
 
(Use `node --trace-deprecation ...` to show 
where the warning was created)
  ΓÇó duplicate dependency references  dependencies=["react@18.3.1","react@18.3.1","loose-envify@1.4.0","loose-envify@1.4.0"]
  ΓÇó updating asar integrity executable resource  executablePath=dist\win-unpacked\A360 Aging UI.exe
  ΓÇó default Electron icon is used  reason=application icon is not set
  ΓÇó downloading     url=https://github.com/electron-userland/electron-builder-binaries/releases/download/winCodeSign-2.6.0/winCodeSign-2.6.0.7z size=5.6 MB parts=1
  ΓÇó downloaded      url=https://github.com/electron-userland/electron-builder-binaries/releases/download/winCodeSign-2.6.0/winCodeSign-2.6.0.7z duration=633ms
  Γ¿» cannot execute  cause=exit status 2
                    out=
    7-Zip (a) 21.07 (x64) : Copyright (c) 1999-2021 Igor Pavlov : 2021-12-26
    
    Scanning the drive for archives:
    1 file, 5635384 bytes (5504 KiB)
    
    Extracting archive: C:\Users\clone\AppData\Local\electron-builder\Cache\winCodeSign\464600687.7z
    --
    Path = C:\Users\clone\AppData\Local\electron-builder\Cache\winCodeSign\464600687.7z
    Type = 7z
    Physical Size = 5635384
    Headers Size = 1492
    Method = LZMA2:24m LZMA:20 BCJ2
    Solid = +
    Blocks = 2
    
    
    Sub items Errors: 2
    
    Archives with Errors: 1
    
    Sub items Errors: 2
    
                    errorOut=ERROR: Cannot create symbolic link : A required privilege is not held by the client. : C:\Users\clone\AppData\Local\electron-builder\Cache\winCodeSign\464600687\darwin\10.12\lib\libcrypto.dylib
    ERROR: Cannot create symbolic link : A required privilege is not held by the client. : C:\Users\clone\AppData\Local\electron-builder\Cache\winCodeSign\464600687\darwin\10.12\lib\libssl.dylib
    
                    command='D:\A360_App\node_modules\7zip-bin\win\x64\7za.exe' x -snld -bd 'C:\Users\clone\AppData\Local\electron-builder\Cache\winCodeSign\464600687.7z' '-oC:\Users\clone\AppData\Local\electron-builder\Cache\winCodeSign\464600687'
                    workingDir=C:\Users\clone\AppData\Local\electron-builder\Cache\winCodeSign
  ΓÇó downloading     url=https://github.com/electron-userland/electron-builder-binaries/releases/download/winCodeSign-2.6.0/winCodeSign-2.6.0.7z size=5.6 MB parts=1
  ΓÇó downloaded      url=https://github.com/electron-userland/electron-builder-binaries/releases/download/winCodeSign-2.6.0/winCodeSign-2.6.0.7z duration=539ms
  Γ¿» cannot execute  cause=exit status 2
                    out=
    7-Zip (a) 21.07 (x64) : Copyright (c) 1999-2021 Igor Pavlov : 2021-12-26
    
    Scanning the drive for archives:
    1 file, 5635384 bytes (5504 KiB)
    
    Extracting archive: C:\Users\clone\AppData\Local\electron-builder\Cache\winCodeSign\165147243.7z
    --
    Path = C:\Users\clone\AppData\Local\electron-builder\Cache\winCodeSign\165147243.7z
    Type = 7z
    Physical Size = 5635384
    Headers Size = 1492
    Method = LZMA2:24m LZMA:20 BCJ2
    Solid = +
    Blocks = 2
    
    
    Sub items Errors: 2
    
    Archives with Errors: 1
    
    Sub items Errors: 2
    
                    errorOut=ERROR: Cannot create symbolic link : A required privilege is not held by the client. : C:\Users\clone\AppData\Local\electron-builder\Cache\winCodeSign\165147243\darwin\10.12\lib\libcrypto.dylib
    ERROR: Cannot create symbolic link : A required privilege is not held by the client. : C:\Users\clone\AppData\Local\electron-builder\Cache\winCodeSign\165147243\darwin\10.12\lib\libssl.dylib
    
                    command='D:\A360_App\node_modules\7zip-bin\win\x64\7za.exe' x -snld -bd 'C:\Users\clone\AppData\Local\electron-builder\Cache\winCodeSign\165147243.7z' '-oC:\Users\clone\AppData\Local\electron-builder\Cache\winCodeSign\165147243'
                    workingDir=C:\Users\clone\AppData\Local\electron-builder\Cache\winCodeSign
  ΓÇó downloading     url=https://github.com/electron-userland/electron-builder-binaries/releases/download/winCodeSign-2.6.0/winCodeSign-2.6.0.7z size=5.6 MB parts=1
  ΓÇó downloaded      url=https://github.com/electron-userland/electron-builder-binaries/releases/download/winCodeSign-2.6.0/winCodeSign-2.6.0.7z duration=580ms
  Γ¿» cannot execute  cause=exit status 2
                    out=
    7-Zip (a) 21.07 (x64) : Copyright (c) 1999-2021 Igor Pavlov : 2021-12-26
    
    Scanning the drive for archives:
    1 file, 5635384 bytes (5504 KiB)
    
    Extracting archive: C:\Users\clone\AppData\Local\electron-builder\Cache\winCodeSign\713879483.7z
    --
    Path = C:\Users\clone\AppData\Local\electron-builder\Cache\winCodeSign\713879483.7z
    Type = 7z
    Physical Size = 5635384
    Headers Size = 1492
    Method = LZMA2:24m LZMA:20 BCJ2
    Solid = +
    Blocks = 2
    
    
    Sub items Errors: 2
    
    Archives with Errors: 1
    
    Sub items Errors: 2
    
                    errorOut=ERROR: Cannot create symbolic link : A required privilege is not held by the client. : C:\Users\clone\AppData\Local\electron-builder\Cache\winCodeSign\713879483\darwin\10.12\lib\libcrypto.dylib
    ERROR: Cannot create symbolic link : A required privilege is not held by the client. : C:\Users\clone\AppData\Local\electron-builder\Cache\winCodeSign\713879483\darwin\10.12\lib\libssl.dylib
    
                    command='D:\A360_App\node_modules\7zip-bin\win\x64\7za.exe' x -snld -bd 'C:\Users\clone\AppData\Local\electron-builder\Cache\winCodeSign\713879483.7z' '-oC:\Users\clone\AppData\Local\electron-builder\Cache\winCodeSign\713879483'
                    workingDir=C:\Users\clone\AppData\Local\electron-builder\Cache\winCodeSign
  ΓÇó downloading     url=https://github.com/electron-userland/electron-builder-binaries/releases/download/winCodeSign-2.6.0/winCodeSign-2.6.0.7z size=5.6 MB parts=1
  ΓÇó downloaded      url=https://github.com/electron-userland/electron-builder-binaries/releases/download/winCodeSign-2.6.0/winCodeSign-2.6.0.7z duration=597ms
  Γ¿» cannot execute  cause=exit status 2
                    out=
    7-Zip (a) 21.07 (x64) : Copyright (c) 1999-2021 Igor Pavlov : 2021-12-26
    
    Scanning the drive for archives:
    1 file, 5635384 bytes (5504 KiB)
    
    Extracting archive: C:\Users\clone\AppData\Local\electron-builder\Cache\winCodeSign\988829403.7z
    --
    Path = C:\Users\clone\AppData\Local\electron-builder\Cache\winCodeSign\988829403.7z
    Type = 7z
    Physical Size = 5635384
    Headers Size = 1492
    Method = LZMA2:24m LZMA:20 BCJ2
    Solid = +
    Blocks = 2
    
    
    Sub items Errors: 2
    
    Archives with Errors: 1
    
    Sub items Errors: 2
    
                    errorOut=ERROR: Cannot create symbolic link : A required privilege is not held by the client. : C:\Users\clone\AppData\Local\electron-builder\Cache\winCodeSign\988829403\darwin\10.12\lib\libcrypto.dylib
    ERROR: Cannot create symbolic link : A required privilege is not held by the client. : C:\Users\clone\AppData\Local\electron-builder\Cache\winCodeSign\988829403\darwin\10.12\lib\libssl.dylib
    
                    command='D:\A360_App\node_modules\7zip-bin\win\x64\7za.exe' x -snld -bd 'C:\Users\clone\AppData\Local\electron-builder\Cache\winCodeSign\988829403.7z' '-oC:\Users\clone\AppData\Local\electron-builder\Cache\winCodeSign\988829403'
                    workingDir=C:\Users\clone\AppData\Local\electron-builder\Cache\winCodeSign
