src/components/AnchorPromptBuilder.tsx(123,30): error TS2339: Property 'configAPI' does not exist on type 'Window & typeof globalThis'.
src/components/AnchorPromptBuilder.tsx(155,32): error TS2339: Property 'runPython' does not exist on type 'Window & typeof globalThis'.
src/components/AnchorPromptBuilder.tsx(278,6): error TS2686: 'React' refers to a UMD global, but the current file is a module. Consider adding an import instead.
src/components/AnchorPromptBuilder.tsx(279,8): error TS2686: 'React' refers to a UMD global, but the current file is a module. Consider adding an import instead.
src/components/AnchorPromptBuilder.tsx(280,10): error TS2686: 'React' refers to a UMD global, but the current file is a module. Consider adding an import instead.
src/components/AnchorPromptBuilder.tsx(281,10): error TS2686: 'React' refers to a UMD global, but the current file is a module. Consider adding an import instead.
src/components/AnchorPromptBuilder.tsx(282,10): error TS2686: 'React' refers to a UMD global, but the current file is a module. Consider adding an import instead.
src/components/AnchorPromptBuilder.tsx(287,8): error TS2686: 'React' refers to a UMD global, but the current file is a module. Consider adding an import instead.
src/components/AnchorPromptBuilder.tsx(289,10): error TS2686: 'React' refers to a UMD global, but the current file is a module. Consider adding an import instead.
src/components/AnchorPromptBuilder.tsx(290,12): error TS2686: 'React' refers to a UMD global, but the current file is a module. Consider adding an import instead.
src/components/AnchorPromptBuilder.tsx(293,12): error TS2686: 'React' refers to a UMD global, but the current file is a module. Consider adding an import instead.
src/components/AnchorPromptBuilder.tsx(294,14): error TS2686: 'React' refers to a UMD global, but the current file is a module. Consider adding an import instead.
src/components/AnchorPromptBuilder.tsx(297,14): error TS2686: 'React' refers to a UMD global, but the current file is a module. Consider adding an import instead.
src/components/AnchorPromptBuilder.tsx(304,18): error TS2686: 'React' refers to a UMD global, but the current file is a module. Consider adding an import instead.
src/components/AnchorPromptBuilder.tsx(311,12): error TS2686: 'React' refers to a UMD global, but the current file is a module. Consider adding an import instead.
src/components/AnchorPromptBuilder.tsx(319,12): error TS2686: 'React' refers to a UMD global, but the current file is a module. Consider adding an import instead.
src/components/AnchorPromptBuilder.tsx(327,12): error TS2686: 'React' refers to a UMD global, but the current file is a module. Consider adding an import instead.
src/components/AnchorPromptBuilder.tsx(335,12): error TS2686: 'React' refers to a UMD global, but the current file is a module. Consider adding an import instead.
src/components/AnchorPromptBuilder.tsx(336,14): error TS2686: 'React' refers to a UMD global, but the current file is a module. Consider adding an import instead.
src/components/AnchorPromptBuilder.tsx(339,14): error TS2686: 'React' refers to a UMD global, but the current file is a module. Consider adding an import instead.
src/components/AnchorPromptBuilder.tsx(351,10): error TS2686: 'React' refers to a UMD global, but the current file is a module. Consider adding an import instead.
src/components/AnchorPromptBuilder.tsx(352,12): error TS2686: 'React' refers to a UMD global, but the current file is a module. Consider adding an import instead.
src/components/AnchorPromptBuilder.tsx(353,14): error TS2686: 'React' refers to a UMD global, but the current file is a module. Consider adding an import instead.
src/components/AnchorPromptBuilder.tsx(356,12): error TS2686: 'React' refers to a UMD global, but the current file is a module. Consider adding an import instead.
src/components/AnchorPromptBuilder.tsx(357,14): error TS2686: 'React' refers to a UMD global, but the current file is a module. Consider adding an import instead.
src/components/AnchorPromptBuilder.tsx(358,16): error TS2686: 'React' refers to a UMD global, but the current file is a module. Consider adding an import instead.
src/components/AnchorPromptBuilder.tsx(359,18): error TS2686: 'React' refers to a UMD global, but the current file is a module. Consider adding an import instead.
src/components/AnchorPromptBuilder.tsx(362,18): error TS2686: 'React' refers to a UMD global, but the current file is a module. Consider adding an import instead.
src/components/AnchorPromptBuilder.tsx(366,16): error TS2686: 'React' refers to a UMD global, but the current file is a module. Consider adding an import instead.
src/components/AnchorPromptBuilder.tsx(377,14): error TS2686: 'React' refers to a UMD global, but the current file is a module. Consider adding an import instead.
src/components/AnchorPromptBuilder.tsx(378,16): error TS2686: 'React' refers to a UMD global, but the current file is a module. Consider adding an import instead.
src/components/AnchorPromptBuilder.tsx(379,18): error TS2686: 'React' refers to a UMD global, but the current file is a module. Consider adding an import instead.
src/components/AnchorPromptBuilder.tsx(382,18): error TS2686: 'React' refers to a UMD global, but the current file is a module. Consider adding an import instead.
src/components/AnchorPromptBuilder.tsx(386,16): error TS2686: 'React' refers to a UMD global, but the current file is a module. Consider adding an import instead.
src/components/AnchorPromptBuilder.tsx(403,8): error TS2686: 'React' refers to a UMD global, but the current file is a module. Consider adding an import instead.
src/components/AnchorPromptBuilder.tsx(404,10): error TS2686: 'React' refers to a UMD global, but the current file is a module. Consider adding an import instead.
src/components/AnchorPromptBuilder.tsx(405,12): error TS2686: 'React' refers to a UMD global, but the current file is a module. Consider adding an import instead.
src/components/AnchorPromptBuilder.tsx(406,14): error TS2686: 'React' refers to a UMD global, but the current file is a module. Consider adding an import instead.
src/components/AnchorPromptBuilder.tsx(409,14): error TS2686: 'React' refers to a UMD global, but the current file is a module. Consider adding an import instead.
src/components/AnchorPromptBuilder.tsx(415,16): error TS2686: 'React' refers to a UMD global, but the current file is a module. Consider adding an import instead.
src/components/AnchorPromptBuilder.tsx(418,12): error TS2686: 'React' refers to a UMD global, but the current file is a module. Consider adding an import instead.
src/components/AnchorPromptBuilder.tsx(419,14): error TS2686: 'React' refers to a UMD global, but the current file is a module. Consider adding an import instead.
src/components/AnchorPromptBuilder.tsx(428,10): error TS2686: 'React' refers to a UMD global, but the current file is a module. Consider adding an import instead.
src/components/AnchorPromptBuilder.tsx(429,12): error TS2686: 'React' refers to a UMD global, but the current file is a module. Consider adding an import instead.
src/components/AnchorPromptBuilder.tsx(430,14): error TS2686: 'React' refers to a UMD global, but the current file is a module. Consider adding an import instead.
src/components/AnchorPromptBuilder.tsx(433,14): error TS2686: 'React' refers to a UMD global, but the current file is a module. Consider adding an import instead.
src/components/AnchorPromptBuilder.tsx(439,16): error TS2686: 'React' refers to a UMD global, but the current file is a module. Consider adding an import instead.
src/components/AnchorPromptBuilder.tsx(442,12): error TS2686: 'React' refers to a UMD global, but the current file is a module. Consider adding an import instead.
src/components/AnchorPromptBuilder.tsx(452,10): error TS2686: 'React' refers to a UMD global, but the current file is a module. Consider adding an import instead.
src/components/AnchorPromptBuilder.tsx(454,14): error TS2686: 'React' refers to a UMD global, but the current file is a module. Consider adding an import instead.
src/components/AnchorPromptBuilder.tsx(457,14): error TS2686: 'React' refers to a UMD global, but the current file is a module. Consider adding an import instead.
